// Jest Snapshot v1, https://goo.gl/fbAQLP

exports[`Testing ListOfArticlesScreen ListOfArticlesScreen renders nothing before receiving fetch response 1`] = `null`;

exports[`Testing TopicScreen TopicScreen renders nothing before receiving fetch response 1`] = `
<div
  className="MuiGrid-container-2 MuiGrid-spacing-xs-16-24"
>
  <div
    className="MuiGrid-item-3 MuiGrid-grid-md-1-58 MuiGrid-grid-lg-2-73"
  />
  <div
    className="MuiGrid-item-3 MuiGrid-grid-xs-12-41 MuiGrid-grid-md-10-67 MuiGrid-grid-lg-8-79"
  >
    <div
      className="MuiPaper-root-99 MuiPaper-elevation1-102 MuiPaper-rounded-100 MuiCard-root-98"
    >
      <div
        className="MuiCardHeader-root-202"
      >
        <div
          className="MuiCardHeader-avatar-203"
        >
          <div
            aria-label="How I work"
            className="MuiAvatar-root-208 MuiAvatar-colorDefault-209"
            style={
              Object {
                "backgroundColor": "#f44336",
              }
            }
          >
            W
          </div>
        </div>
        <div
          className="MuiCardHeader-content-205"
        >
          <span
            className="MuiTypography-root-130 MuiTypography-body2-138 MuiCardHeader-title-206"
          >
            How I work
          </span>
          <span
            className="MuiTypography-root-130 MuiTypography-body2-138 MuiTypography-colorTextSecondary-152 MuiCardHeader-subheader-207"
          >
            There is value in doing things properly first time
          </span>
        </div>
        <div
          className="MuiCardHeader-action-204"
        >
          <a
            className="MuiButtonBase-root-165 MuiIconButton-root-159"
            href="/"
            onBlur={[Function]}
            onFocus={[Function]}
            onKeyDown={[Function]}
            onKeyUp={[Function]}
            onMouseDown={[Function]}
            onMouseLeave={[Function]}
            onMouseUp={[Function]}
            onTouchEnd={[Function]}
            onTouchMove={[Function]}
            onTouchStart={[Function]}
            role="button"
            tabIndex="0"
          >
            <span
              className="MuiIconButton-label-164"
            >
              <svg
                aria-hidden="true"
                className="MuiSvgIcon-root-168"
                color={undefined}
                focusable="false"
                viewBox="0 0 24 24"
              >
                <g>
                  <path
                    d="M19 6.41L17.59 5 12 10.59 6.41 5 5 6.41 10.59 12 5 17.59 6.41 19 12 13.41 17.59 19 19 17.59 13.41 12z"
                  />
                </g>
              </svg>
            </span>
            <span
              className="MuiTouchRipple-root-175"
            />
          </a>
        </div>
      </div>
      <div
        className="SeparatorPane-separatorPane-211"
      >
         
      </div>
    </div>
  </div>
  <div
    className="MuiGrid-item-3 MuiGrid-grid-md-1-58 MuiGrid-grid-lg-2-73"
  />
</div>
`;
