// Jest Snapshot v1, https://goo.gl/fbAQLP

exports[`Testing SocialScreen SocialScreen renders correctly 1`] = `
<div
  className="MuiGrid-container-1 MuiGrid-spacing-xs-16-23"
>
  <div
    className="MuiGrid-item-2 MuiGrid-grid-xs-6-34 MuiGrid-grid-sm-3-45 MuiGrid-grid-md-3-59 MuiGrid-grid-lg-3-73"
  >
    <div
      className="MuiPaper-root-100 MuiPaper-elevation1-103 MuiPaper-rounded-101 MuiCard-root-99"
    >
      <a
        className="MuiButtonBase-root-127 SocialCard-cardButton-98"
        href="https://github.com/esantanche"
        onBlur={[Function]}
        onFocus={[Function]}
        onKeyDown={[Function]}
        onKeyUp={[Function]}
        onMouseDown={[Function]}
        onMouseLeave={[Function]}
        onMouseUp={[Function]}
        onTouchEnd={[Function]}
        onTouchMove={[Function]}
        onTouchStart={[Function]}
        role="button"
        tabIndex="0"
        target="_blank"
      >
        <div
          className="MuiCardMedia-root-130 SocialCard-image_responsive_size-97"
          src={undefined}
          style={
            Object {
              "backgroundImage": "url(\\"GitHub_Logo.png\\")",
            }
          }
          title=""
        />
        <span
          className="MuiTouchRipple-root-132"
        />
      </a>
    </div>
  </div>
  <div
    className="MuiGrid-item-2 MuiGrid-grid-xs-6-34 MuiGrid-grid-sm-3-45 MuiGrid-grid-md-3-59 MuiGrid-grid-lg-3-73"
  >
    <div
      className="MuiPaper-root-100 MuiPaper-elevation1-103 MuiPaper-rounded-101 MuiCard-root-99"
    >
      <a
        className="MuiButtonBase-root-127 SocialCard-cardButton-98"
        href="https://medium.com/@esantanche"
        onBlur={[Function]}
        onFocus={[Function]}
        onKeyDown={[Function]}
        onKeyUp={[Function]}
        onMouseDown={[Function]}
        onMouseLeave={[Function]}
        onMouseUp={[Function]}
        onTouchEnd={[Function]}
        onTouchMove={[Function]}
        onTouchStart={[Function]}
        role="button"
        tabIndex="0"
        target="_blank"
      >
        <div
          className="MuiCardMedia-root-130 SocialCard-image_responsive_size-97"
          src={undefined}
          style={
            Object {
              "backgroundImage": "url(\\"Medium_logo.png\\")",
            }
          }
          title=""
        />
        <span
          className="MuiTouchRipple-root-132"
        />
      </a>
    </div>
  </div>
  <div
    className="MuiGrid-item-2 MuiGrid-grid-xs-6-34 MuiGrid-grid-sm-3-45 MuiGrid-grid-md-3-59 MuiGrid-grid-lg-3-73"
  >
    <div
      className="MuiPaper-root-100 MuiPaper-elevation1-103 MuiPaper-rounded-101 MuiCard-root-99"
    >
      <a
        className="MuiButtonBase-root-127 SocialCard-cardButton-98"
        href="https://www.linkedin.com/in/emanuelesantanche/"
        onBlur={[Function]}
        onFocus={[Function]}
        onKeyDown={[Function]}
        onKeyUp={[Function]}
        onMouseDown={[Function]}
        onMouseLeave={[Function]}
        onMouseUp={[Function]}
        onTouchEnd={[Function]}
        onTouchMove={[Function]}
        onTouchStart={[Function]}
        role="button"
        tabIndex="0"
        target="_blank"
      >
        <div
          className="MuiCardMedia-root-130 SocialCard-image_responsive_size-97"
          src={undefined}
          style={
            Object {
              "backgroundImage": "url(\\"LinkedIn_logo.png\\")",
            }
          }
          title=""
        />
        <span
          className="MuiTouchRipple-root-132"
        />
      </a>
    </div>
  </div>
  <div
    className="MuiGrid-item-2 MuiGrid-grid-xs-6-34 MuiGrid-grid-sm-3-45 MuiGrid-grid-md-3-59 MuiGrid-grid-lg-3-73"
  >
    <div
      className="MuiPaper-root-100 MuiPaper-elevation1-103 MuiPaper-rounded-101 MuiCard-root-99"
    >
      <a
        className="MuiButtonBase-root-127 SocialCard-cardButton-98"
        href="https://stackoverflow.com/users/6171615/emanuele-santanche"
        onBlur={[Function]}
        onFocus={[Function]}
        onKeyDown={[Function]}
        onKeyUp={[Function]}
        onMouseDown={[Function]}
        onMouseLeave={[Function]}
        onMouseUp={[Function]}
        onTouchEnd={[Function]}
        onTouchMove={[Function]}
        onTouchStart={[Function]}
        role="button"
        tabIndex="0"
        target="_blank"
      >
        <div
          className="MuiCardMedia-root-130 SocialCard-image_responsive_size-97"
          src={undefined}
          style={
            Object {
              "backgroundImage": "url(\\"StackOverflow_logo.png\\")",
            }
          }
          title=""
        />
        <span
          className="MuiTouchRipple-root-132"
        />
      </a>
    </div>
  </div>
</div>
`;
